{
  "runtimeOptions": {
    "additionalProbingPaths": [
      "C:\\Users\\htang\\.dotnet\\store\\|arch|\\|tfm|",
      "C:\\Users\\htang\\.nuget\\packages",
      "C:\\Program Files\\dotnet\\sdk\\NuGetFallbackFolder"
    ]
  }
}