C:\Users\htang\source\repos\Golden\TestLibrary\bin\Debug\netcoreapp2.0\Microsoft.VisualStudio.TestPlatform.MSTest.TestAdapter.dll
C:\Users\htang\source\repos\Golden\TestLibrary\bin\Debug\netcoreapp2.0\Microsoft.VisualStudio.TestPlatform.MSTestAdapter.PlatformServices.Interface.dll
C:\Users\htang\source\repos\Golden\TestLibrary\bin\Debug\netcoreapp2.0\Microsoft.VisualStudio.TestPlatform.MSTestAdapter.PlatformServices.dll
C:\Users\htang\source\repos\Golden\TestLibrary\bin\Debug\netcoreapp2.0\TestLibrary.deps.json
C:\Users\htang\source\repos\Golden\TestLibrary\bin\Debug\netcoreapp2.0\TestLibrary.runtimeconfig.json
C:\Users\htang\source\repos\Golden\TestLibrary\bin\Debug\netcoreapp2.0\TestLibrary.runtimeconfig.dev.json
C:\Users\htang\source\repos\Golden\TestLibrary\bin\Debug\netcoreapp2.0\TestLibrary.dll
C:\Users\htang\source\repos\Golden\TestLibrary\bin\Debug\netcoreapp2.0\TestLibrary.pdb
C:\Users\htang\source\repos\Golden\TestLibrary\bin\Debug\netcoreapp2.0\Library.dll
C:\Users\htang\source\repos\Golden\TestLibrary\bin\Debug\netcoreapp2.0\Library.pdb
C:\Users\htang\source\repos\Golden\TestLibrary\obj\Debug\netcoreapp2.0\TestLibrary.csprojResolveAssemblyReference.cache
C:\Users\htang\source\repos\Golden\TestLibrary\obj\Debug\netcoreapp2.0\TestLibrary.csproj.CoreCompileInputs.cache
C:\Users\htang\source\repos\Golden\TestLibrary\obj\Debug\netcoreapp2.0\TestLibrary.AssemblyInfoInputs.cache
C:\Users\htang\source\repos\Golden\TestLibrary\obj\Debug\netcoreapp2.0\TestLibrary.AssemblyInfo.cs
C:\Users\htang\source\repos\Golden\TestLibrary\obj\Debug\netcoreapp2.0\TestLibrary.csproj.CopyComplete
C:\Users\htang\source\repos\Golden\TestLibrary\obj\Debug\netcoreapp2.0\TestLibrary.dll
C:\Users\htang\source\repos\Golden\TestLibrary\obj\Debug\netcoreapp2.0\TestLibrary.pdb
